     18. ✗ [31mAL Built-in Functions
     28. ✗ [31mPart with Multiplicity property
     88. ✗ [31mCase TRUE OF with NOT expression
    103. ✗ [31mProcedures inside conditional compilation blocks test
    149. ✗ [31mEnum Keyword Qualification
    241. ✗ [31mPage extension with modify layout modifications
    269. ✗ [31mOptimizeForTextSearch property in table field declarations
    299. ✗ [31mPage Properties
    308. ✗ [31mPage trigger with return type
    309. ✗ [31mPage-level triggers
    314. ✗ [31mViews with CaptionML property
    341. ✗ [31mCodeunit with conditional var section using CLEAN directive
    343. ✗ [31mTable with conditional var section
    344. ✗ [31mReport with conditional var section
    346. ✗ [31mPreprocessor directives in actions section
    348. ✗ [31mNested action groups with preprocessor
    349. ✗ [31mMixed preprocessor cases in actions
    352. ✗ [31mPreprocessor conditional directives in using statements
    357. ✗ [31mPreprocessor #if not with #else in using statements
    358. ✗ [31mMultiple using statements in preprocessor conditionals
    452. ✗ [31mShowMandatory property with expressions
    481. ✗ [31mStyleExpr with NOT unary expression
    482. ✗ [31mStyleExpr with 'not' lowercase unary expression
    497. ✗ [31mSubType variable with Option type (from CDCDocumentFileList.Page.al)
    503. ✗ [31mSubType variable declaration vs property usage
    517. ✗ [31mField Properties
    529. ✗ [31mUnary operators - plus, minus, and not
    564. ✗ [31mXOR logical operator expressions
