  EmptyCodeblock:
      1. ✓ [32mEmpty Code Block Test[0m[31m -- Warning: Slow parse rate (1255.997 bytes/ms)[0m
  about_properties_in_fields:
      2. ✓ [32mField with AboutTitle and AboutText properties[0m
      3. ✓ [32mField with AboutTitle and AboutText ML properties[0m
      4. ✓ [32mStandard field with AboutTitle and AboutText properties[0m
  access_by_permission_property_test:
      5. ✓ [32mAccessByPermission property in action declarations[0m[31m -- Warning: Slow parse rate (7557.955 bytes/ms)[0m
      6. ✓ [32mAccessByPermission property with quoted table name[0m
      7. ✓ [32mAccessByPermission property in field sections[0m
      8. ✓ [32mAccessByPermission property with different permission types[0m
  action_groups_and_shortcut_keys:
      9. ✓ [32mAction groups with navigation properties and shortcut keys[0m
     10. ✓ [32mDirect action groups in actions section[0m
  additional_search_terms_property_test:
     11. ✓ [32mAdditionalSearchTerms property in report[0m
     12. ✓ [32mAdditionalSearchTerms property in page[0m
     13. ✓ [32mAdditionalSearchTermsML property test[0m
     14. ✓ [32mReport with multiple properties including AdditionalSearchTerms[0m
  al_built_in_functions:
     15. ✓ [32mAL Built-in Functions[0m
  allow_in_customizations_property_test:
     16. ✓ [32mAllowInCustomizations property with Never value[0m
     17. ✓ [32mAllowInCustomizations property with boolean value[0m
     18. ✓ [32mAllowInCustomizations property case variations[0m
  array_indexing:
     19. ✓ [32mArray Indexing Expressions[0m
  array_indexing_simple:
     20. ✓ [32mSimple Array Indexing[0m
  array_types:
     21. ✓ [32mComplex Array Types[0m
  basic_page_triggers:
     22. ✓ [32mBasic Page Triggers[0m
  built_in_functions_database:
     23. ✓ [32mBuilt-in Functions Database[0m
  built_in_functions_date_and_time:
     24. ✓ [32mBuilt-in Functions Date and Time[0m
  built_in_functions_math:
     25. ✓ [32mBuilt-in Functions Math[0m
  built_in_functions_simple:
     26. ✓ [32mBuilt-in Functions Simple[0m
  built_in_functions_string:
     27. ✓ [32mBuilt-in Functions String[0m
  built_in_functions_user_and_session:
     28. ✓ [32mBuilt-in Functions User and session functions[0m
  calc_formula_average:
     29. ✓ [32mAverage Formula Test[0m
  calc_formula_count:
     30. ✓ [32mCount Formula Test[0m
  calc_formula_lookup:
     31. ✓ [32mLookup Formula Test[0m
  calc_formula_minmax:
     32. ✓ [32mMin/Max Formula Test[0m
  calc_formula_sum:
     33. ✓ [32mSum Formula Test[0m
  caption_class_label_test:
     34. ✓ [32mCaptionClass property in label sections[0m
  caption_class_property_test:
     35. ✓ [32mField with CaptionClass property using method call[0m
     36. ✓ [32mField with CaptionClass property using string literal[0m
  caption_comment_lowercase_test:
     37. ✓ [32mCaption property with lowercase comment parameter[0m
     38. ✓ [32mCaption with different case comment variations[0m
  caption_locked_property:
     39. ✓ [32mCaption property with Locked attribute[0m
     40. ✓ [32mCaption property with empty string and Locked[0m
     41. ✓ [32mCaption property with Locked false[0m
     42. ✓ [32mCaption property without Locked attribute[0m
     43. ✓ [32mCaption property with different case Locked attribute[0m
     44. ✓ [32mMultiple properties with Caption and Locked[0m
  caption_with_comment_and_locked:
     45. ✓ [32mCaption property with Comment and Locked parameters[0m
  case_member_access:
     46. ✓ [32mCase with member access patterns[0m
  case_statements:
     47. ✓ [32mCase with begin/end block branches[0m
     48. ✓ [32mCase with string literals[0m
     49. ✓ [32mCase with multiple patterns per branch[0m
     50. ✓ [32mCase with else clause[0m
     51. ✓ [32mCase with else block[0m
  case_statements_simple:
     52. ✓ [32mSimple case with single statement branches[0m
  case_true_of_statements:
     53. ✓ [32mCase TRUE OF with comparison expressions[0m
     54. ✓ [32mCase TRUE OF with simple comparison[0m
     55. ✓ [32mCase TRUE OF with NOT expression[0m
  codeunit:
     56. ✓ [32mBasic Codeunit Test[0m
  codeunitAdvanced:
     57. ✓ [32mBasic Codeunit Declaration[0m
     58. ✓ [32mCodeunit With Properties[0m
     59. ✓ [32mVariable Declarations[0m
     60. ✓ [32mBasic Procedure[0m
     61. ✓ [32mBasic Trigger[0m
     62. ✓ [32mProcedure With Var Section[0m
  codeunit_table_no_property:
     63. ✓ [32mCodeunit with TableNo property using quoted identifier[0m
     64. ✓ [32mCodeunit with TableNo property using identifier[0m
     65. ✓ [32mCodeunit with TableNo property using integer table ID[0m
     66. ✓ [32mCodeunit with multiple properties including TableNo[0m
  controladdin_obsolete_properties:
     67. ✓ [32mControlAddIn with all obsolete properties[0m
     68. ✓ [32mControlAddIn with ObsoleteState Removed[0m
     69. ✓ [32mControlAddIn with only ObsoleteState property[0m
     70. ✓ [32mControlAddIn with case variations of obsolete state[0m
     71. ✓ [32mControlAddIn mixing obsolete and normal properties[0m
  controladdin_test:
     72. ✓ [32mControl Add-in Declaration[0m
  data_caption_expression:
     73. ✓ [32mDataCaptionExpression property with expressions[0m
  database_references:
     74. ✓ [32mDATABASE References Test[0m
  dotnet_types_with_namespaces:
     75. ✓ [32mDotNet types with namespaces[0m
     76. ✓ [32mDotNet types in field declarations[0m
     77. ✓ [32mMultiple DotNet namespace levels[0m
  enum_assignment_compatibility:
     78. ✓ [32mEnum with AssignmentCompatibility property[0m
     79. ✓ [32mEnum with AssignmentCompatibility false[0m
     80. ✓ [32mEnum with both AssignmentCompatibility and Extensible properties[0m
     81. ✓ [32mEnum with only AssignmentCompatibility property[0m
     82. ✓ [32mEnum with uppercase TRUE/FALSE values[0m
  enum_field:
     83. ✓ [32mEnum field in table[0m
  enum_interface_implementations:
     84. ✓ [32mEnum with interface implementations - basic case[0m
     85. ✓ [32mEnum with quoted identifier implementations[0m
     86. ✓ [32mEnum with mixed quoted and unquoted implementations[0m
     87. ✓ [32mEnum with multiple properties including implementation[0m
  enum_keyword_qualification:
     88. ✓ [32mEnum Keyword Qualification[0m
  enum_type_reference_methods_test:
     89. ✓ [32mEnum type reference with Ordinals method call[0m
     90. ✓ [32mEnum type reference with Names method call[0m
     91. ✓ [32mMultiple enum type references with different methods[0m
     92. ✓ [32mEnum type reference with case variations[0m
     93. ✓ [32mEnum type reference with unquoted identifier[0m
  enum_variables:
     94. ✓ [32mEnum Variable Declaration[0m
     95. ✓ [32mEnum Variable Assignment[0m
     96. ✓ [32mEnum Comparison in If Statement[0m
     97. ✓ [32mEnum in Case Statement[0m
     98. ✓ [32mQuoted Enum Values[0m
     99. ✓ [32mReturn Enum Value[0m
    100. ✓ [32mParameter of Enum Type[0m
  event_subscriber_instance_property_test:
    101. ✓ [32mEventSubscriberInstance property with StaticAutomatic value[0m
    102. ✓ [32mEventSubscriberInstance property with Static value[0m
    103. ✓ [32mEventSubscriberInstance property with Manual value[0m
  exit_statements:
    104. ✓ [32mBasic Exit Statement Patterns[0m
  freeze_column_property_test:
    105. ✓ [32mFreezeColumn property in repeater sections[0m
  grid_layout_property_test:
    106. ✓ [32mGridLayout property in report requestpage grid sections[0m
    107. ✓ [32mGridLayout property with Rows value[0m
    108. ✓ [32mGridLayout property combined with other grid properties[0m
    109. ✓ [32mGridLayout property in page grid sections[0m
    110. ✓ [32mGridLayout property case variations[0m
  identifiers:
    111. ✓ [32mBasic identifiers[0m
    112. ✓ [32mField identifiers[0m
  indentation_column_property_test:
    113. ✓ [32mIndentationColumn property in repeater sections[0m
    114. ✓ [32mIndentationColumn property with different values[0m
  instructional_text_property_test:
    115. ✓ [32mInstructionalText property in page group[0m
    116. ✓ [32mInstructionalTextML property in page group[0m
    117. ✓ [32mInstructionalText in wizard page pattern[0m
  interface_is_as_operators_simple:
    118. ✓ [32mSimple 'is' operator test[0m
    119. ✓ [32mSimple 'as' operator test[0m
    120. ✓ [32mMixed operators test[0m
  interface_test:
    121. ✓ [32mInterface Declaration[0m
  key_properties:
    122. ✓ [32mKey Properties Test[0m
  label_multiline_property:
    123. ✓ [32mLabel MultiLine property support[0m
  label_variables:
    124. ✓ [32mLabel variable declarations[0m
    125. ✓ [32mLabel variables with attributes[0m
    126. ✓ [32mProperty keywords as variable names[0m
  layout_movement_commands_test:
    127. ✓ [32mLayout movement commands in page extensions - movelast[0m
    128. ✓ [32mLayout movement commands - movefirst[0m
    129. ✓ [32mLayout movement commands - moveafter[0m
    130. ✓ [32mLayout movement commands - movebefore with quoted identifiers[0m
  lookup_formula_test:
    131. ✓ [32mLookup formula with table.field syntax[0m
  method_calls:
    132. ✓ [32mGeneric Method Call[0m
    133. ✓ [32mRecord Method Calls[0m
    134. ✓ [32mBoolean Method Conditions[0m
    135. ✓ [32mMixed Method Calls With Parameters[0m
  mixed_method_calls:
    136. ✓ [32mMixed Method Types[0m
    137. ✓ [32mComplex Parameter Calls[0m
  multidimensional_array_access:
    138. ✓ [32mMulti-dimensional array assignment[0m
    139. ✓ [32mMulti-dimensional array access in expressions[0m
    140. ✓ [32mThree-dimensional array access[0m
    141. ✓ [32mArray access with variable indices[0m
  multidimensional_arrays:
    142. ✓ [32mMulti-dimensional arrays in procedure parameters[0m
    143. ✓ [32mSingle-dimensional array for comparison[0m
    144. ✓ [32mThree-dimensional array[0m
  namespace_declarations:
    145. ✓ [32mSimple namespace with single identifier[0m
    146. ✓ [32mNamespace with dotted path and page extension[0m
    147. ✓ [32mNamespace with table declaration[0m
    148. ✓ [32mLong namespace path with multiple dots[0m
    149. ✓ [32mFile without namespace (backwards compatibility)[0m
    150. ✓ [32mNamespace with permissionset[0m
  onaftergetcurr_trigger:
    151. ✓ [32mOnAfterGetCurrRecord Trigger[0m
  option_enum_with_backslashes:
    152. ✓ [32mOption enum with backslashes in quoted identifiers[0m
  page_action_groups:
    153. ✓ [32mPage with action groups and variable properties[0m
  page_extension_action_modify_triggers_test:
    154. ✓ [32mPage extension with action modify containing triggers[0m
    155. ✓ [32mPage extension action modify with mixed properties and triggers[0m
  page_field_min_max_value_properties:
    156. ✓ [32mPage field with MinValue property using integer[0m
    157. ✓ [32mPage field with MaxValue property using expression[0m
    158. ✓ [32mPage field with MinValue using decimal and variable expression[0m
    159. ✓ [32mPage field with control name and MinValue property[0m
    160. ✓ [32mPage field with complex expression in MaxValue[0m
  page_field_properties_batch1:
    161. ✓ [32mFirst batch of Page Field Properties[0m
  page_field_properties_new_batch:
    162. ✓ [32mNewly Implemented Page Field Properties[0m
  page_field_properties_phase3:
    163. ✓ [32mPage Field Properties Phase 3 - High Priority[0m
  page_properties:
    164. ✓ [32mPage Properties[0m
  page_properties_phase1:
    165. ✓ [32mPage Properties Phase 1[0m
  page_properties_phase2a:
    166. ✓ [32mPage Properties Phase 2A - Boolean Properties[0m
  page_properties_phase2b:
    167. ✓ [32mPage Properties Phase 2B - Complex Properties[0m
  page_properties_phase4a:
    168. ✓ [32mPage Properties Phase 4A - High + Medium Priority[0m
  page_properties_phase4b_batch1:
    169. ✓ [32mPage Properties Phase 4B Batch 1 - AdditionalSearchTermsML[0m
  page_properties_phase4b_batch2:
    170. ✓ [32mPage Properties Phase 4B Batch 2 - Web Service Properties[0m
  page_properties_phase4c:
    171. ✓ [32mPage Properties Phase 4C - Remaining Low Priority Properties[0m
  page_trigger_with_return_type:
    172. ✓ [32mPage trigger with return type[0m
  page_triggers:
    173. ✓ [32mPage-level triggers[0m
  page_type_variable:
    174. ✓ [32mPage Type Variable Test[0m
  pagecustomization_test:
    175. ✓ [32mPage customization with addfirst views[0m
    176. ✓ [32mPage customization with addlast views[0m
    177. ✓ [32mPage customization with addafter views[0m
    178. ✓ [32mPage customization with multiple views[0m
  pageextension_attributed_procedures_test:
    179. ✓ [32mPage extension with IntegrationEvent attributed procedure[0m
    180. ✓ [32mPage extension with EventSubscriber attributed procedure[0m
  permissionset_properties:
    181. ✓ [32mPermissionSet with Access and IncludedPermissionSets properties[0m
    182. ✓ [32mPermissionSet with single IncludedPermissionSet[0m
    183. ✓ [32mPermissionSet with Access Private and unquoted included sets[0m
    184. ✓ [32mPermissionSet with only basic properties[0m
    185. ✓ [32mPermissionSet with multiple included permission sets (three items)[0m
  pragma:
    186. ✓ [32mPragma directives[0m
  procedure_return_types:
    187. ✓ [32mProcedure Return Types[0m
  procedure_simple:
    188. ✓ [32mProcedure Simple[0m
  profile_test:
    189. ✓ [32mBasic profile declaration[0m
    190. ✓ [32mProfile with customizations list[0m
    191. ✓ [32mProfile with single customization[0m
    192. ✓ [32mProfile with unquoted identifiers[0m
    193. ✓ [32mProfile with minimal properties[0m
    194. ✓ [32mProfile with extended properties[0m
    195. ✓ [32mProfile with mixed property types[0m
    196. ✓ [32mProfile with empty customizations[0m
  property_comment_parameters_extended_test:
    197. ✓ [32mAboutTitle property with comment parameter variations[0m
    198. ✓ [32mInstructionalText property with comment parameters[0m
    199. ✓ [32mToolTip property with case-insensitive comment parameters[0m
  protected_procedure_modifier:
    200. ✓ [32mProtected procedure modifier[0m
  provider_property_test:
    201. ✓ [32mPage part with Provider property[0m
    202. ✓ [32mPage part with quoted Provider property value[0m
  query:
    query_object:
      203. ✓ [32mBasic Query Test[0m
  quoted_return_parameter_test:
    204. ✓ [32mProcedure with quoted return parameter name[0m
    205. ✓ [32mProcedure with unquoted return parameter name[0m
  range_and_in_expressions:
    206. ✓ [32mIN expression with range operator[0m
    207. ✓ [32mIN expression with multiple ranges[0m
    208. ✓ [32mIN expression with individual values[0m
    209. ✓ [32mRange operator in other contexts[0m
    210. ✓ [32mComplex IN expression with field access[0m
  repeater_visible_property_test:
    211. ✓ [32mRepeater with Visible property[0m
  report_dataitem_properties:
    212. ✓ [32mReport dataitem with DataItemTableView property[0m
    213. ✓ [32mReport dataitem with RequestFilterFields property[0m
    214. ✓ [32mReport dataitem with RequestFilterHeading property[0m
    215. ✓ [32mReport dataitem with all three properties combined[0m
    216. ✓ [32mReport dataitem with case variations[0m
  report_use_request_page_property:
    217. ✓ [32mReport with UseRequestPage property true[0m
    218. ✓ [32mReport with UseRequestPage property false[0m
    219. ✓ [32mReport with only UseRequestPage property[0m
    220. ✓ [32mReport with mixed properties including UseRequestPage[0m
    221. ✓ [32mReport with UseRequestPage and case variations[0m
  separator_action:
    222. ✓ [32mSeparator Action Test[0m
  show_as_tree_property_test:
    223. ✓ [32mShowAsTree property in repeater sections[0m
    224. ✓ [32mShowAsTree property with false value[0m
  show_filter_property_test:
    225. ✓ [32mShowFilter property in part sections[0m
  simple_member_access:
    226. ✓ [32mSimple member access[0m
  source_table_view_property:
    227. ✓ [32mSourceTableView Property Test[0m
  string_concatenation_complex:
    228. ✓ [32mString concatenation with multiple terms[0m
  string_literal_backslash:
    229. ✓ [32mString literals with backslash characters[0m
    230. ✓ [32mString literals with various special characters[0m
    231. ✓ [32mString literals in complex expressions[0m
    232. ✓ [32mMixed string literals and function calls[0m
  style_attention_accent:
    233. ✓ [32mStyle property with AttentionAccent value[0m
    234. ✓ [32mStyle property with AttentionAccent in repeater[0m
    235. ✓ [32mStyle property with case variations of AttentionAccent[0m
  style_expr_boolean:
    236. ✓ [32mStyleExpr property with boolean values[0m
    237. ✓ [32mStyleExpr property with boolean case variations[0m
    238. ✓ [32mStyleExpr property with mixed value types[0m
    239. ✓ [32mStyleExpr with Style property combination[0m
  style_expr_unary_test:
    240. ✓ [32mStyleExpr with NOT unary expression[0m
    241. ✓ [32mStyleExpr with 'not' lowercase unary expression[0m
    242. ✓ [32mStyleExpr with minus unary expression[0m
    243. ✓ [32mStyleExpr with boolean literal (existing functionality)[0m
    244. ✓ [32mStyleExpr with identifier (existing functionality)[0m
  sub_page_link_property_test:
    245. ✓ [32mSubPageLink property in part sections[0m
  sub_page_view_enhanced:
    246. ✓ [32mSubPageView with sorting and where clause[0m
    247. ✓ [32mSubPageView with simple sorting only[0m
    248. ✓ [32mSubPageView with where clause only[0m
    249. ✓ [32mSubPageView with string literal value[0m
    250. ✓ [32mSubPageView with identifier value[0m
  subtype_userdefined_test:
    251. ✗ [31mSubType property with UserDefined value in BLOB field[0m
    252. ✗ [31mSubType property with existing values (Install, Upgrade, Test)[0m
    253. ✗ [31mSubType property case variations with UserDefined[0m
    254. ✗ [31mSubType property mixed with other BLOB field properties[0m
    255. ✗ [31mSubType property in different object types (codeunit vs table)[0m
  systempart_test:
    256. ✓ [32mSystemPart Elements[0m
  table:
    257. ✓ [32m Simple Table Test[0m
  table_extension_app_page_patterns:
    258. ✓ [32mTable with complex field properties and lookup formula[0m
  table_extension_modify_field_triggers_test:
    259. ✓ [32mTable extension with modify field triggers[0m
    260. ✓ [32mTable extension with generic triggers in field modify[0m
  table_extension_modify_test:
    261. ✓ [32mTable extension with modify field statements[0m
    262. ✓ [32mTable extension with field and modify statements combined[0m
  table_field_trigger_enum:
    263. ✓ [32mTable Field Trigger with Qualified Enum Values with Spaces[0m
  table_properties:
    264. ✓ [32mHigh Priority Properties[0m
    265. ✓ [32mMedium/Low Priority Properties[0m
    266. ✓ [32mField Properties[0m
  tooltip_with_comment:
    267. ✓ [32mToolTip with Comment parameter[0m
  trigger_semicolon_termination_test:
    268. ✓ [32mTrigger with semicolon termination after parameters[0m
    269. ✓ [32mTrigger without semicolon (backward compatibility)[0m
  update_propagation_property_test:
    270. ✓ [32mUpdatePropagation property in part section[0m
    271. ✓ [32mUpdatePropagation property with different values[0m
  using_statement_test:
    272. ✓ [32mUsing statement for namespace imports[0m
    273. ✓ [32mUsing statement without namespace declaration[0m
  values_allowed_property_test:
    274. ✓ [32mValuesAllowed property with mixed string literals and identifiers[0m
    275. ✓ [32mValuesAllowed property with only string literals[0m
    276. ✓ [32mValuesAllowed property with only identifiers[0m
    277. ✓ [32mValuesAllowed property in page field[0m
    278. ✓ [32mValuesAllowed property with single value[0m
  width_property:
    279. ✓ [32mWidth property in page field[0m
    280. ✓ [32mWidth property with various values[0m
    281. ✓ [32mWidth property in different field formats[0m
  with_statement:
    282. ✓ [32mWITH statement with record variable and code block[0m
    283. ✓ [32mWITH statement with single statement[0m
    284. ✓ [32mNested WITH statements[0m
  xmlport_fieldelement_test:
    285. ✓ [32mXMLPort fieldelement with table.field syntax[0m
    286. ✓ [32mXMLPort fieldelement with simple table reference[0m
  xmlport_format_property_test:
    287. ✓ [32mXMLPort Format property with VariableText[0m
    288. ✓ [32mXMLPort Format property with FixedText[0m
    289. ✓ [32mXMLPort Format property with original values[0m
    290. ✓ [32mXMLPort Format property case variations[0m
  xmlport_properties:
    291. ✓ [32mXMLPort Properties[0m

5 failures:

correct / [32mexpected[0m / [31munexpected[0m

  1. SubType property with UserDefined value in BLOB field:

    (source_file
      (table_declaration
        object_id: (integer)
        object_name: (identifier)
        (fields
          (field_declaration
            id: (integer)
            name: (quoted_identifier)
            type: (type_specification
              (basic_type))
            (caption_property
              (string_literal))
            (data_classification_property
              (data_classification_value))
[31m            (ERROR)))))[0m
[32m            (subtype_property
[0m[32m              value: (value))))))[0m


  2. SubType property with existing values (Install, Upgrade, Test):

    (source_file
      (codeunit_declaration
        object_id: (integer)
        object_name: (identifier)
        (property_list
          (property
            (subtype_property
              value: (value))))
        (procedure
          name: (name)
[32m          (parameter_list)
[0m          (code_block))))


  3. SubType property case variations with UserDefined:

    (source_file
      (table_declaration
        object_id: (integer)
        object_name: (identifier)
        (fields
          (field_declaration
            id: (integer)
            name: (quoted_identifier)
            type: (type_specification
              (basic_type))
[31m            (ERROR
[0m[31m              (identifier)))
[0m[32m            (subtype_property
[0m[32m              value: (value)))
[0m          (field_declaration
            id: (integer)
            name: (quoted_identifier)
            type: (type_specification
              (basic_type))
[31m            (ERROR
[0m[31m              (identifier)))
[0m[32m            (subtype_property
[0m[32m              value: (value)))
[0m          (field_declaration
            id: (integer)
            name: (quoted_identifier)
            type: (type_specification
              (basic_type))
[31m            (ERROR
[0m[31m              (identifier))))))[0m
[32m            (subtype_property
[0m[32m              value: (value))))))[0m


  4. SubType property mixed with other BLOB field properties:

    (source_file
      (table_declaration
        object_id: (integer)
        object_name: (identifier)
        (fields
          (field_declaration
            id: (integer)
            name: (quoted_identifier)
            type: (type_specification
              (basic_type))
            (caption_property
              (string_literal))
            (data_classification_property
              (data_classification_value))
[31m            (ERROR)
[0m[32m            (subtype_property
[0m[32m              value: (value))
[0m            (description_property
              value: (string_literal))))))


  5. SubType property in different object types (codeunit vs table):

    (source_file
      (codeunit_declaration
        object_id: (integer)
        object_name: (identifier)
        (property_list
          (property
            (subtype_property
              value: (value)))))
      (table_declaration
        object_id: (integer)
        object_name: (identifier)
        (fields
          (field_declaration
            id: (integer)
            name: (quoted_identifier)
            type: (type_specification
              (basic_type))
[31m            (ERROR
[0m[31m              (identifier))))))[0m
[32m            (subtype_property
[0m[32m              value: (value))))))[0m

